DEBUG:root:Debuging...
INFO:root:Info...
WARNING:root:Warning...
ERROR:root:Error occurring...
CRITICAL:root:Critical error occurring...
2026-02-26 23:58:39,627 - DEBUG - Debuging...
2026-02-26 23:58:39,628 - INFO - Info...
2026-02-26 23:58:39,628 - WARNING - Warning...
2026-02-26 23:58:39,628 - ERROR - Error occurring...
2026-02-26 23:58:39,628 - CRITICAL - Critical error occurring...
2026-02-27 00:00:04,987 - DEBUG - Debuging...
2026-02-27 00:00:04,987 - INFO - Info...
2026-02-27 00:00:04,987 - WARNING - Warning...
2026-02-27 00:00:04,987 - ERROR - Error occurring...
2026-02-27 00:00:04,987 - CRITICAL - Critical error occurring...
2026-02-27 00:00:25,620 - DEBUG - Debuging...
2026-02-27 00:00:25,620 - INFO - Info...
2026-02-27 00:00:25,620 - WARNING - Warning...
2026-02-27 00:00:25,620 - ERROR - Error occurring...
2026-02-27 00:00:25,620 - CRITICAL - Critical error occurring...
2026-02-27 00:00:47,552 - DEBUG - Debuging...
2026-02-27 00:00:47,552 - INFO - Info...
2026-02-27 00:00:47,552 - WARNING - Warning...
2026-02-27 00:00:47,552 - ERROR - Error occurring...
2026-02-27 00:00:47,552 - CRITICAL - Critical error occurring...
2026-02-27 00:01:25,397 - DEBUG - Debuging...
2026-02-27 00:01:25,397 - INFO - Info...
2026-02-27 00:01:25,397 - WARNING - Warning...
2026-02-27 00:01:25,397 - ERROR - Error occurring...
2026-02-27 00:01:25,398 - CRITICAL - Critical error occurring...
2026-02-27 00:01:44,024 - DEBUG - Debuging...
2026-02-27 00:01:44,025 - INFO - Info...
2026-02-27 00:01:44,025 - WARNING - Warning...
2026-02-27 00:01:44,025 - ERROR - Error occurring...
2026-02-27 00:01:44,025 - CRITICAL - Critical error occurring...
2026-02-27 00:02:04,551 - DEBUG - Debuging...
2026-02-27 00:02:04,551 - INFO - Info...
2026-02-27 00:02:04,551 - WARNING - Warning...
2026-02-27 00:02:04,551 - ERROR - Error occurring...
2026-02-27 00:02:04,551 - CRITICAL - Critical error occurring...
2026-02-27 00:02:07,303 - DEBUG - Debuging...
2026-02-27 00:02:07,303 - INFO - Info...
2026-02-27 00:02:07,303 - WARNING - Warning...
2026-02-27 00:02:07,303 - ERROR - Error occurring...
2026-02-27 00:02:07,303 - CRITICAL - Critical error occurring...
